// Code generated by hands for test DO NOT EDIT.

package a

import (
	"context"

	"go.opencensus.io/trace"
)

func I(ctx context.Context) {
	trace.StartSpan(ctx, "a.F")
}

func J(ctx context.Context) {
}

func K(ctx context.Context) {
	trace.StartSpan(ctx, "a.F")
}

func (h *Hoge) Func2(ctx context.Context) {
	trace.StartSpan(ctx, "(*a.Hoge).Func")
}

func (h *Hoge) Fail2(ctx context.Context) {
}

func (h Fuga) Func2(ctx context.Context) {
	trace.StartSpan(ctx, "(a.Fuga).Func")
}

func (h Fuga) Fail2(ctx context.Context) {
}
